---
source: domains/src/infrastructures/scraper/ebook_snapshot.rs
expression: actual.payment_real
---
Some(
    Payment {
        price: "3,520",
        points: "106",
    },
)
