---
source: domains/src/infrastructures/scraper/ebook_snapshot.rs
expression: actual.payment_ebook
---
Some(
    Payment {
        price: "3344",
        points: "152",
    },
)
