---
source: packages/domains/src/ebook_snapshots/repositories.rs
expression: actual.payment_ebook
---
Some(
    Payment {
        price: "3344",
        points: "152",
    },
)
