---
source: packages/domains/src/ebook_snapshots/repositories.rs
expression: actual.payment_real
---
Some(
    Payment {
        price: "3520",
        points: "160",
    },
)
